// Jest Snapshot v1, https://goo.gl/fbAQLP

exports[`renders correctly 1`] = `
<div>
  <h2>
    These aren't the droids you're looking for.
  </h2>
</div>
`;
